== edge-on Kerr shadow area ==
OK   edge closed vs one-line integral a=0.001: 84.822996934534259 vs 84.8229969345342589 (diff 6.1e-18)
OK   edge closed vs direct contour a=0.001: 84.822996934534259 vs 84.822996934534259 (diff 1.5e-39)
OK   edge closed vs one-line integral a=0.3: 84.3889167232435706 vs 84.3889167232435706 (diff 3.7e-20)
OK   edge closed vs direct contour a=0.3: 84.3889167232435706 vs 84.3889167232435706 (diff 4.4e-39)
OK   edge closed vs one-line integral a=0.5: 83.5610541284615456 vs 83.5610541284615456 (diff 4.0e-19)
OK   edge closed vs direct contour a=0.5: 83.5610541284615456 vs 83.5610541284615456 (diff 4.4e-39)
OK   edge closed vs one-line integral a=0.9: 79.5871255238727721 vs 79.5871255238727721 (diff 1.3e-19)
OK   edge closed vs direct contour a=0.9: 79.5871255238727721 vs 79.5871255238727721 (diff 0.0e+00)
OK   edge closed vs one-line integral a=0.998: 76.6048553923046649 vs 76.6048553923046649 (diff 1.7e-20)
OK   edge closed vs direct contour a=0.998: 76.6048553923046649 vs 76.6048553923046649 (diff 1.6e-38)
OK   edge closed vs polygon (20000 pts) a=0.2: 84.6325847716227143 vs 84.6325844217374565 (diff 3.5e-07)
OK   edge closed vs polygon (20000 pts) a=0.8: 81.0775480022890462 vs 81.0775476500265103 (diff 3.5e-07)
OK   a->0 limit 27pi: 84.8230016469244174 vs 84.8230016469244174 (diff 4.7e-24)
OK   small-spin series (a=0.05, through a^10): 84.8112133026875646 vs 84.8112133026875646 (diff 3.9e-17)
OK   near-extremal sqrt(eps) coefficient: 6.66432440723754937 vs 6.66432440723754937 (diff 4.3e-18)
OK   near-extremal eps coefficient: 427.036403325735915 vs 427.036403325735915 (diff 2.9e-20)
OK   a=1 limit 16pi+15sqrt3: 76.2462445709698579 vs 76.2462445709698512 (diff 6.7e-15)
== extremal Kerr, any inclination ==
OK   factorisation (with c^2 = 1 - s^2) (symbolic difference = 0)
OK   extremal closed vs integral 10 deg: 73.3091911360086199 vs 73.3091911360086199 (diff 3.6e-22)
OK   extremal integral vs direct contour 10 deg: 73.3091911360086199 vs 73.3091911360086199 (diff 3.6e-22)
OK   extremal closed vs integral 30 deg: 73.7993967474284232 vs 73.7993967474284232 (diff 2.9e-22)
OK   extremal integral vs direct contour 30 deg: 73.7993967474284232 vs 73.7993967474284232 (diff 2.9e-22)
OK   extremal closed vs integral 45 deg: 74.3581830819766846 vs 74.3581830819766846 (diff 1.9e-22)
OK   extremal integral vs direct contour 45 deg: 74.3581830819766846 vs 74.3581830819766846 (diff 1.9e-22)
OK   extremal theta=0 limit pi(12+8sqrt2): 73.2421753483444491 vs 73.2421753483444488 (diff 2.2e-16)
OK   extremal theta=90 deg = 16pi+15sqrt3: 76.2462445709698512 vs 76.2462445709698512 (diff 1.6e-22)
OK   theta_c: 47.0585971351200897 vs 47.0585971351200897 (diff 3.0e-18)
OK   near-axis series (s=0.2): 73.331087532431242 vs 73.3310875336250193 (diff 1.2e-09)
== master formula (any a, theta) ==
OK   master vs direct a=0.5 17 deg: 82.4720673488089712 vs 82.4720673488089712 (diff 3.6e-21)
OK   master vs direct a=0.9 17 deg: 76.185745949384239 vs 76.185745949384239 (diff 1.3e-21)
OK   master vs direct a=0.5 60 deg: 83.2601863106774869 vs 83.2601863106774869 (diff 1.5e-21)
OK   master vs direct a=0.94 30 deg: 75.7058481639767547 vs 75.7058481639767547 (diff 4.3e-22)
OK   master vs direct a=0.99 85 deg: 77.1014352782593365 vs 77.1014352782593365 (diff 6.5e-22)
OK   master vs direct a=0.998 45 deg: 74.5048734662957075 vs 74.5048734662957075 (diff 4.2e-22)
OK   master at 90 deg = edge closed form: 82.1369243277576802 vs 82.1369243277576802 (diff 2.0e-23)
OK   extremal integral + c(theta) sqrt(eps) vs master at a=1-1e-12, 60 deg: 75.0887626470191465 vs 75.0887626472059202 (diff 1.9e-10)
OK   extremal integral + c(theta) sqrt(eps) vs master at a=1-1e-12, 80 deg: 76.0911927278479842 vs 76.0911927279815377 (diff 1.3e-10)
== perimeter ==
OK   perimeter closed vs integral a=0.3: 32.5649074047482803 vs 32.5649074047482803 (diff 2.3e-20)
OK   perimeter general formula at 90 deg a=0.3: 32.5649074047482803 vs 32.5649074047482803 (diff 2.3e-20)
OK   perimeter closed vs integral a=0.7: 32.1349785208451577 vs 32.1349785208451577 (diff 1.9e-19)
OK   perimeter general formula at 90 deg a=0.7: 32.1349785208451577 vs 32.1349785208451577 (diff 1.9e-19)
OK   perimeter closed vs integral a=0.9: 31.6634230449069421 vs 31.6634230449069421 (diff 4.9e-20)
OK   perimeter general formula at 90 deg a=0.9: 31.6634230449069421 vs 31.6634230449069421 (diff 4.9e-20)
OK   perimeter closed vs integral a=0.999: 31.1895350092482648 vs 31.1895350092482648 (diff 4.0e-20)
OK   perimeter general formula at 90 deg a=0.999: 31.1895350092482648 vs 31.1895350092482648 (diff 4.0e-20)
OK   perimeter general vs direct arc length a=0.5 60 deg: (32.347096662279395 - 3.32348914804143975e-15j) vs 32.3470966622793959 (diff 3.4e-15)
OK   perimeter general vs direct arc length a=0.9 17 deg: (30.9419603395411145 - 1.62779741215573684e-14j) vs 30.9419603395411164 (diff 1.6e-14)
OK   perimeter a=1 edge-on 18sqrt3: 31.1769145362397913 vs 31.1769145362397913 (diff 2.1e-25)
OK   perimeter small-spin series (a=0.05, 60 deg): 0.999913145739467306 vs 0.999913145792140882 (diff 5.3e-11)
== slow-particle capture (E = 1), edge-on ==
OK   slow capture closed vs boundary integral a=0.3: 49.9763007800338611 vs 49.9763007800338611 (diff 7.3e-40)
OK   slow capture closed vs reduced integral a=0.3: 49.9763007800338611 vs 49.9763007800338611 (diff 6.7e-20)
OK   slow capture closed vs boundary integral a=0.5: 49.425944002574061 vs 49.425944002574061 (diff 7.3e-40)
OK   slow capture closed vs reduced integral a=0.5: 49.425944002574061 vs 49.425944002574061 (diff 6.8e-20)
OK   slow capture closed vs boundary integral a=0.9: 46.804835358789686 vs 46.804835358789686 (diff 7.3e-40)
OK   slow capture closed vs reduced integral a=0.9: 46.804835358789686 vs 46.804835358789686 (diff 3.1e-20)
OK   slow capture closed vs boundary integral a=0.999: 44.7798909867076535 vs 44.7798909867076535 (diff 7.3e-40)
OK   slow capture closed vs reduced integral a=0.999: 44.7798909867076535 vs 44.7798909867076535 (diff 3.8e-20)
OK   slow capture closed vs brute force a=0.5: 49.425944002574061 vs 49.4262674795865493 (diff 3.2e-04)
OK   slow capture closed vs brute force a=0.9: 46.804835358789686 vs 46.8051689796707393 (diff 3.3e-04)
OK   slow capture a=0: 16pi: 50.2654824574366918 vs 50.2654824574366918 (diff 0.0e+00)
OK   slow capture a=1: 7pi+16sqrt2: 44.6185655730980735 vs 44.6185655730980735 (diff 0.0e+00)
OK   slow capture series: 0.999843655284239189 vs 0.999843655284404755 (diff 1.7e-13)
== torque moment, edge-on slow capture ==
OK   torque M1 closed vs direct a=0.1: -5.02812669559229388 vs -5.02812669559229388 (diff 3.4e-39)
OK   torque M1 closed vs direct a=0.5: -25.357069333945061 vs -25.357069333945061 (diff 3.7e-40)
OK   torque M1 closed vs direct a=0.9: -47.3564848255197507 vs -47.3564848255197507 (diff 7.3e-40)
OK   M1 at a->1 (limit; correction ~ sqrt(1-a) ~ 1e-15): -55.4272342798715552 vs -55.4272342798715641 (diff 8.9e-15)
OK   mean L_z series: -0.050011730056900594 vs -0.0500117300415039062 (diff 1.5e-11)
== isotropic slow capture ==
OK   Carter C = Q + L^2 (symbolic difference = 0)
OK   isotropic integral formula vs direct a=0.5: 49.4330447022985736 vs 49.4330447022985736 (diff 0.0e+00)
OK   isotropic integral formula vs direct a=0.9: 46.9615456127695956 vs 46.9615456127695956 (diff 0.0e+00)
OK   isotropic a=1 closed form vs direct: 45.2756430652654043 vs 45.2756430652654043 (diff 2.9e-39)
OK   isotropic a=1 value: 45.2756430652654043 vs 45.2756430652654043 (diff 4.2e-24)
OK   isotropic a=1 vs a->1 integral formula: 45.2756449856702847 vs 45.2756430652654043 (diff 1.9e-06)
OK   isotropic a=1 L_z moment closed form: -35.4236405545980233 vs -35.4236405545980233 (diff 6.6e-39)
OK   isotropic a=1 mean l_z: -0.819326841802552468 vs -0.819326841802552468 (diff 3.0e-21)

SUMMARY: 0 failures []
