== exact values / integral representations ==
OK   equator Kerr = 7/24: 0.291666666667 vs 0.291666666667 (diff 4.9e-32)
OK   ISCO Kerr = 5/12 + atan(sqrt(5/3))/(sqrt5 pi): 0.546454899649 vs 0.546454899649 (diff 0.0e+00)
OK   ISCO a=1/sqrt2 = 3/8 + sqrt3/9: 0.56745008973 vs 0.56745008973 (diff 0.0e+00)
OK   ISCO closed form vs integral, k=0.5: 0.546454899649 vs 0.546454899649 (diff 0.0e+00)
OK   ISCO closed form vs integral, k=0.55556: 0.551915212918 vs 0.551915212918 (diff 0.0e+00)
OK   ISCO closed form vs integral, k=0.66667: 0.563194501614 vs 0.563194501614 (diff 9.9e-32)
OK   ISCO closed form vs integral, k=0.7: 0.56669534913 vs 0.56669534913 (diff 0.0e+00)
OK   energy fraction ZAMO Kerr = 3/32 + sqrt3/16: 0.202003175473 vs 0.202003175473 (diff 0.0e+00)
OK   photon P (ZAMO) by integration: 0.291666666667 vs 0.291666666667 (diff 0.0e+00)
OK   energy fraction (ZAMO) by integration: 0.202003175473 vs 0.202003175473 (diff 0.0e+00)
OK   ISCO photon P by integration: 0.546454899649 vs 0.546454899649 (diff 0.0e+00)
OK   ISCO energy fraction by integration: 0.595642179019 vs 0.595642179019 (diff 0.0e+00)
OK   massive ZAMO exact 1/8 at beta=0.8: 0.125 vs 0.125 (diff 9.9e-32)
OK   massive ISCO exact 1/4 at beta=1/2: 0.25 vs 0.25 (diff 0.0e+00)
OK   massive ISCO exact 1/2 at beta=sqrt(2/3): 0.5 vs 0.5 (diff 0.0e+00)
OK   massive ISCO threshold (3sqrt2-2)/7 gives P=0: 0.0 vs 0.0 (diff 0.0e+00)
== brute-force ray simulations (grid noise ~1e-3) ==
OK   photon ZAMO sim a=1.0 90 deg: 0.29255 vs 0.291666666667 (diff 8.8e-04)
OK   photon ZAMO sim a=0.7 90 deg: 0.19385 vs 0.194804428643 (diff 9.5e-04)
OK   photon ZAMO sim a=0.8 60 deg: 0.133275 vs 0.132818289527 (diff 4.6e-04)
OK   photon ZAMO sim a=1.0 70 deg: 0.249225 vs 0.250125500566 (diff 9.0e-04)
OK   photon ISCO sim a=1.0000: 0.54645 vs 0.546454899649 (diff 4.9e-06)
OK   photon ISCO sim a=0.8000: 0.55895 vs 0.558900532668 (diff 4.9e-05)
OK   photon ISCO sim a=0.7071: 0.56755 vs 0.56745008973 (diff 1.0e-04)
OK   energy ZAMO sim a=1.0: 0.202366712471 vs 0.202003175473 (diff 3.6e-04)
OK   energy ZAMO sim a=0.8: 0.13900249431 vs 0.13899997498 (diff 2.5e-06)
OK   energy ISCO sim a=1: 0.595631178428 vs 0.595642179019 (diff 1.1e-05)
OK   massive ZAMO sim beta=0.8: 0.12495 vs 0.125 (diff 5.0e-05)
OK   massive ZAMO sim beta=0.75: 0.0591 vs 0.0590414481559 (diff 5.9e-05)
OK   massive ZAMO KN sim a=0.8 beta=0.85: 0.11265 vs 0.112659788498 (diff 9.8e-06)
OK   massive ISCO sim beta=0.5: 0.2501 vs 0.25 (diff 1.0e-04)
OK   massive ISCO sim beta=0.7: 0.4153 vs 0.415381540112 (diff 8.2e-05)

SUMMARY: 0 failures []
