0.2 84.63258476997726 84.63258477162271427148552364748854607329
0.5 83.56105412705801 83.56105412846154557835349500080192041242
0.8 81.0775480021839 81.07754800228904566768533384368774921176
0.95 78.5093948240974 78.50939482481263550560214415724954724516
0.999 76.49048638524255 76.49048638586877375915648685601169242704
OK  [1] edge-on Kerr a=0.8 closed vs polygon: 81.0775480023 vs 81.0775480022 (diff 1.1e-10)
OK  [2] a->1 limit: 76.2462445716 vs 76.246244571 (diff 6.7e-10)
OK  [3] extremal 60deg closed vs direct: 75.0887577306 vs 75.0887577306 (diff 0.0e+00)
OK  [4] master a=0.9 17deg vs polygon: 76.1857459494 vs 76.1857459475 (diff 1.9e-09)
OK  [5] series a=0.3 17deg (to a^4): 0.990294224965 vs 0.990290019821 (diff 4.2e-06)
OK  [6] escape a=0.7 equator, sim vs formula: 0.196388888889 vs 0.194804428643 (diff 1.6e-03)
0.1 50.51680986972387 50.51680985931307
0.3 52.52742916802134 52.5274291629903
0.5 56.548667764616276 56.54866775707342
0.6 59.38464498027463 59.384644977981225
0.8 66.87155266755335 66.87155269202776
0.95 73.75162517849151 73.75162519095466
1.0 76.24624457096985 76.24624456907623
OK  [7] extremal KN a=0.8 edge-on, formula vs polygon: 66.8715526676 vs 66.871552692 (diff 2.4e-08)
OK  [8] boosted cone reproduces known ISCO value: 0.546454899649 vs 0.546454899649 (diff 0.0e+00)
OK  [12] KN master vs polygon (0.7,45deg,Q^2=0.2): 74.5141704412 vs 74.5141704431 (diff 1.9e-09)
OK  [13] equatorial solid angle z=0.3: 1D formula vs Phi-integral: 3.39146297945 vs 3.39146297945 (diff 0.0e+00)
0.001 50.2654793158432773707808466555 50.26547910401132 50.2654824574366918154022941325
0.5 49.4259440025740610119469215168 49.42594378039939 50.2654824574366918154022941325
0.9 46.8048353587896860460035899569 46.80483508424368 50.2654824574366918154022941325
0.999 44.7798909867076534547244113632 44.779890612640884 50.2654824574366918154022941325
OK  [15] slow capture edge-on closed vs curve integral: 49.4259440026 vs 49.4259440026 (diff 0.0e+00)
OK  [15] a=1 value: 44.6185655731 vs 44.6185655731 (diff 0.0e+00)
OK  [14] extremal KN solid angle far-field -> [7](1-2z): 66.8581807435 vs 66.858178357 (diff 2.4e-06)
OK  [19] massive escape beta=0.8 is 1/8: 0.125 vs 0.125 (diff 0.0e+00)
OK  [19] massive escape beta=1 is 7/24: 0.291666666667 vs 0.291666666667 (diff 0.0e+00)
OK  [21] extremal any-speed capture: slow limit: 44.6185660617 vs 44.6185655731 (diff 4.9e-07)
OK  [22] extremal KN slow capture a->0 -> pi phi^5: 34.8408053496 vs 34.8407964223 (diff 8.9e-06)
0.5 90 49.42594400257406728070942059 49.4259440025740610119469215168
0.5 60 49.4298087887702369316220632573 49.4298087887702480090969571672
0.9 30 47.1976953408690360354290943213 47.1976953408690408130319387592
0.99 75 45.2616853264166463628739910199 45.2616853264166721307418218242
general 0.5 0.2 71.5937208668469235041947402654 71.59372086962685
general 0.3 0.4 60.6434287917206042253584209633 60.64342879713513
general 0.8 0.1 74.440866458697900590304192667 74.4408664626535
extremal 0.5 50.0963122164439525782648801012 50.09631220344454
extremal 0.8 65.9964338645506191954786636035 65.99643385759555
extremal 0.2 32.4979420058174253715879470832 32.49794200481847
0.5 0.2 43.93707938515311 43.937359843654825
0.3 0.5 35.866509236369815 35.866619710284965
0.6 0.4 35.74867256342819 35.74835923098612
0.001 32.64838764931601876648108817 32.648387650231925
0.3 32.5649074047482803350816439666 32.56490644966158
0.7 32.1349785208451578227712737672 32.13497852084173
0.9 31.6634230449069420147609743075 31.66342177307113
0.999 31.189535009248264790976316838 31.189534446744698
Schw 32.6483885562159213106934086376  extremal 18sqrt3 31.1769145362397912834940341471
0.5 60 50.0826566100583114509793632985 50.08265661005862
0.5 85 50.0923217605178488439648700357 50.09232176467776
0.8 30 64.7546111804329093801925880003 64.75461117993109
0.3 70 38.8437413685310368030082887874 38.843741371296346
1.0 60 75.0887577305781248563076939087 75.08875773265027
OK  [23] one-integral slow capture any direction vs [16] integral (a=0.9, 30deg): 47.1976953409 vs 47.1976953409 (diff 0.0e+00)
OK  [24] ISCO massive escape at beta=1/2 is 1/4: 0.25 vs 0.25 (diff 0.0e+00)
OK  [25] Kerr-Sen extremal a=1 -> 16pi+15sqrt3: 76.246244571 vs 76.246244571 (diff 0.0e+00)
OK  [29] Kerr-Sen slow capture b=0 -> [15]: 49.4259440026 vs 49.4259440026 (diff 0.0e+00)
OK  [30] perimeter a->1 -> 18 sqrt3: 31.1769148618 vs 31.1769145362 (diff 3.3e-07)
OK  [30] perimeter a->0 -> 2 pi sqrt27: 32.6483885562 vs 32.6483885562 (diff 7.1e-15)
OK  [17b'] r=7/2 C=1/4: -0.0825714285714 vs -0.0825714285714 (diff 0.0e+00)
OK  [17b'] r=10/3 C=4/5: -0.030955078125 vs -0.030955078125 (diff 1.0e-17)
OK  [17b'] r=13/4 C=1/2: -0.0699994220655 vs -0.0699994220655 (diff 0.0e+00)
OK  [31] KN r=3.5 q=0.5 60deg: -0.0790432393693 vs -0.0790432393693 (diff 1.6e-15)
OK  [31] KN r=3.0 q=0.8 45deg: -0.136651895747 vs -0.136651895747 (diff 1.4e-14)
OK  [32] Bardeen shadow a^2 coeff edge-on: -0.0797470530672 vs -0.079747053068 (diff 8.5e-13)
OK  [32a'] Kerr a^4 at C=1/4: -0.0150141460905 vs -0.0150141460905 (diff 1.7e-18)
