== symbolic checks ==
OK   capture -> shadow at photon sphere (symbolic difference = 0)
OK   Kerr shadow a^2 (symbolic difference = 0)
OK   Kerr shadow a^4 (symbolic difference = 0)
OK   Kerr capture a^2 (symbolic difference = 0)
OK   Kerr pole a^2 (symbolic difference = 0)
OK   Kerr pole a^4 (symbolic difference = 0)
OK   Kerr torque (symbolic difference = 0)
OK   Kerr sigma0 (symbolic difference = 0)
OK   Kerr r(v): E^2 = 1/(1-v^2) (symbolic difference = 0)
OK   KN capture a^2 (symbolic difference = 0)
OK   KN sigma0 (symbolic difference = 0)
OK   KN E^2 (symbolic difference = 0)
OK   KN torque (symbolic difference = 0)
OK   KN shadow a^2 (symbolic difference = 0)
OK   KN shadow a^4 (symbolic difference = 0)
OK   KN shadow A0 (symbolic difference = 0)
OK   KN double series (symbolic difference = 0)
OK   Kerr isotropic torque (symbolic difference = 0)
OK   isotropic slow limit (symbolic difference = 0)
OK   isotropic light limit (symbolic difference = 0)
OK   alpha8+beta8+gamma8 = -32(6-r)^4 (symbolic difference = 0)
OK   Kerr a^4 capture at r=3 = shadow a^4 (symbolic difference = 0)
OK   Kerr shadow a^6 from stored universal coefficient (symbolic difference = 0)
OK   Kerr shadow a^8 from stored universal coefficient (symbolic difference = 0)
== numerical checks (exact contour / exact capture boundary) ==
OK   shadow a^2 Bardeen 90: -0.07974705306715083 vs -0.07974705306715083 (diff 1.4e-17)
OK   shadow a^4 Bardeen 90: -0.03174757150246144 vs -0.03174757150252266 (diff 6.1e-14)
OK   shadow a^2 Bardeen 50: -0.1035696370499696 vs -0.1035696370499696 (diff 0.0e+00)
OK   shadow a^4 Bardeen 50: -0.03194376417283052 vs -0.03194376417287701 (diff 4.6e-14)
OK   shadow a^2 Hayward 90: -0.08638351159869441 vs -0.08638351159869439 (diff 1.4e-17)
OK   shadow a^4 Hayward 90: -0.04450105870357106 vs -0.04450105870385904 (diff 2.9e-13)
OK   shadow a^2 Kerr 50: -0.07850977284258527 vs -0.07850977284258527 (diff 0.0e+00)
OK   shadow a^4 Kerr 50: -0.01557519930237478 vs -0.01557519930237853 (diff 3.8e-15)
OK   shadow a^2 KN q=0.6 60: -0.1022023186044679 vs -0.1022023186044679 (diff 0.0e+00)
OK   shadow a^4 KN q=0.6 60: -0.03446817115272173 vs -0.03446817115277491 (diff 5.3e-14)
OK   shadow a^2 KN q=0.8 90: -0.137589299028958 vs -0.1375892990289579 (diff 1.1e-16)
OK   shadow a^4 KN q=0.8 90: -0.09183489399512478 vs -0.09183489399659613 (diff 1.5e-12)
OK   capture a^2 Bardeen r=3.4 60: -0.08155531033444453 vs -0.081555310334442 (diff 2.5e-15)
OK   capture a^2 Hayward r=3.1 90: -0.08168373732763454 vs -0.08168373732762744 (diff 7.1e-15)
OK   capture a^2 KN q=0.5 r=3.5 60: -0.07904323936932792 vs -0.07904323936932633 (diff 1.6e-15)
OK   capture a^2 KN q=0.8 r=3.0 45: -0.136651895747247 vs -0.1366518957472326 (diff 1.4e-14)
OK   pole a^2 Bardeen r=3.4: -0.09389353396790996 vs -0.09389353396790996 (diff 0.0e+00)
OK   pole a^4 Bardeen r=3.4: -0.01610050959286146 vs -0.01610050959286322 (diff 1.8e-15)
OK   pole a^2 Bardeen r=3.1: -0.1148113341749097 vs -0.1148113341749097 (diff 0.0e+00)
OK   pole a^4 Bardeen r=3.1: -0.02141122321940972 vs -0.02141122321941306 (diff 3.3e-15)
OK   torque Bardeen r=3.4 60: -1.019831005024719 vs -1.019831005024719 (diff 0.0e+00)
OK   torque KN q=0.5 r=3.5 60: -0.9204545454545455 vs -0.9204545454545455 (diff 0.0e+00)
OK   pole a^4 light limit = shadow a^4 at C=1: -0.02816904706706885 vs -0.02816904706706885 (diff 0.0e+00)
OK   centre displacement / a: 1.837986119126718 vs 1.837986119102462 (diff 2.4e-11)
OK   Kerr capture a^4 (identified) r=3.55 40 deg: -0.01290083149371615 vs -0.01290083149371615 (diff 0.0e+00)
OK   Kerr capture a^4 (identified) r=3.15 70 deg: -0.01428654979243309 vs -0.01428654979243309 (diff 0.0e+00)
OK   Kerr torque a^3 (identified) r=3.55 40 deg: -0.05225970864164288 vs -0.05225970864164288 (diff 6.9e-18)
OK   Kerr torque a^3 (identified) r=3.15 70 deg: -0.1012883687719362 vs -0.1012883687719362 (diff 0.0e+00)

SUMMARY: 0 failures []
